Started by user anonymous
Building in workspace C:\Users\WatcherPC\.jenkins\jobs\Python FireFox Tests\workspace
 > C:\Program Files\Git\bin\git.exe rev-parse --is-inside-work-tree # timeout=10
Fetching changes from the remote Git repository
 > C:\Program Files\Git\bin\git.exe config remote.origin.url https://github.com/gena701/selenium-py-traning-rovinsky # timeout=10
Fetching upstream changes from https://github.com/gena701/selenium-py-traning-rovinsky
 > C:\Program Files\Git\bin\git.exe --version # timeout=10
 > C:\Program Files\Git\bin\git.exe -c core.askpass=true fetch --tags --progress https://github.com/gena701/selenium-py-traning-rovinsky +refs/heads/*:refs/remotes/origin/*
 > C:\Program Files\Git\bin\git.exe rev-parse "refs/remotes/origin/master^{commit}" # timeout=10
 > C:\Program Files\Git\bin\git.exe rev-parse "refs/remotes/origin/origin/master^{commit}" # timeout=10
Checking out Revision 0981dfc1feda86161ad76fe6c46286fa751740f9 (refs/remotes/origin/master)
 > C:\Program Files\Git\bin\git.exe config core.sparsecheckout # timeout=10
 > C:\Program Files\Git\bin\git.exe checkout -f 0981dfc1feda86161ad76fe6c46286fa751740f9
 > C:\Program Files\Git\bin\git.exe rev-list 0981dfc1feda86161ad76fe6c46286fa751740f9 # timeout=10
[workspace] $ cmd /c call C:\Users\WATCHE~1\AppData\Local\Temp\hudson5741358729341515829.bat

C:\Users\WatcherPC\.jenkins\jobs\Python FireFox Tests\workspace>python -m pip install --upgrade pip 
Collecting pip
  Using cached pip-8.0.0-py2.py3-none-any.whl
Installing collected packages: pip
  Found existing installation: pip 7.1.2
    Uninstalling pip-7.1.2:
      Successfully uninstalled pip-7.1.2

Successfully installed pip-8.0.0

C:\Users\WatcherPC\.jenkins\jobs\Python FireFox Tests\workspace>virtualenv ENV 

Using base prefix 'c:\\python35-32'
New python executable in ENV\Scripts\python.exe

Installing setuptools, pip, wheel...done.

C:\Users\WatcherPC\.jenkins\jobs\Python FireFox Tests\workspace>set "PATH=C:\Users\WatcherPC\.jenkins\jobs\Python FireFox Tests\workspace\ENV\Scripts;C:\ProgramData\Oracle\Java\javapath;C:\WINDOWS\system32;C:\WINDOWS;C:\WINDOWS\System32\Wbem;C:\WINDOWS\System32\WindowsPowerShell\v1.0\;C:\Program Files (x86)\ATI Technologies\ATI.ACE\Core-Static;C:\Python35-32;C:\Python35-32\Scripts;D:\PYTHON\SELENIUM_EXERSISES;D:\PYTHON\BARANCEV;C:\Program Files (x86)\Skype\Phone\;C:\BARANCEV;C:\BARANCEV\selenium-py-traning-rovinsky\php4dvd" 

C:\Users\WatcherPC\.jenkins\jobs\Python FireFox Tests\workspace>pip install selenium 

Requirement already satisfied (use --upgrade to upgrade): selenium in c:\users\watcherpc\.jenkins\jobs\python firefox tests\workspace\env\lib\site-packages
You are using pip version 7.1.2, however version 8.0.0 is available.
You should consider upgrading via the 'python -m pip install --upgrade pip' command.

C:\Users\WatcherPC\.jenkins\jobs\Python FireFox Tests\workspace>pip install pytest 

Requirement already satisfied (use --upgrade to upgrade): pytest in c:\users\watcherpc\.jenkins\jobs\python firefox tests\workspace\env\lib\site-packages
Requirement already satisfied (use --upgrade to upgrade): colorama in c:\users\watcherpc\.jenkins\jobs\python firefox tests\workspace\env\lib\site-packages (from pytest)
Requirement already satisfied (use --upgrade to upgrade): py>=1.4.29 in c:\users\watcherpc\.jenkins\jobs\python firefox tests\workspace\env\lib\site-packages (from pytest)
You are using pip version 7.1.2, however version 8.0.0 is available.
You should consider upgrading via the 'python -m pip install --upgrade pip' command.

C:\Users\WatcherPC\.jenkins\jobs\Python FireFox Tests\workspace>pip install jsonschema 

Requirement already satisfied (use --upgrade to upgrade): jsonschema in c:\users\watcherpc\.jenkins\jobs\python firefox tests\workspace\env\lib\site-packages
You are using pip version 7.1.2, however version 8.0.0 is available.
You should consider upgrading via the 'python -m pip install --upgrade pip' command.

C:\Users\WatcherPC\.jenkins\jobs\Python FireFox Tests\workspace>py.test php4dvd 
============================= test session starts =============================
platform win32 -- Python 3.5.0, pytest-2.8.5, py-1.4.31, pluggy-0.3.1
rootdir: C:\Users\WatcherPC\.jenkins\jobs\Python FireFox Tests\workspace\php4dvd, inifile: 
collected 1 items

php4dvd\test_login.py .

========================== 1 passed in 10.76 seconds ==========================

C:\Users\WatcherPC\.jenkins\jobs\Python FireFox Tests\workspace>exit 0 
[workspace] $ cmd.exe /C '"mvn.bat && exit %%ERRORLEVEL%%"'
'mvn.bat' is not recognized as an internal or external command,
operable program or batch file.
Build step 'Invoke top-level Maven targets' marked build as failure
Finished: FAILURE
